[Database]
Driver = "mysql"
Connection = "testing"

[Log]
Level   = "debug"
FileLog = ""
UseJSON = false

[Redis]
Address = "testing"
Password = ""

[Http]
BaseDomain = "testing"
Port = ":3000"

[Website]
StaffSessionKey = "APANIH-SSID"

[Templates]
Sms = "devops/notification/sms"
Whatsapp = "devops/notification/whatsapp"
Email = "devops/notification/email"

[Mailer]
Host = "testing"
Port = "587"
Username = "testing"
Password = "testing"
SkipSSL = "false"

[Whatsapp]
PhoneNumberID = ""
Token = "testing"

[Storage]
Region = "ap-southeast-3"
Domain = "testing"

[Qiscus]
Namespace = "testing"
AppID = "testing"
SecretKey = "testing"
Toggle = "testing"

[Xendit]
SecretKey = "testing"
